// Jest Snapshot v1, https://goo.gl/fbAQLP

exports[`<App /> should render properly 1`] = `
<div
  class="sc-hBURRC fPbypC"
  id="root"
>
  <div
    class="sc-fotPbf edKkdo"
  >
    <svg
      class="sc-fFehDp gOYNzr"
    >
      logo.svg
    </svg>
    <h2
      class="sc-ieebsP cVEnuv"
    >
      Find the perfect 
      <br />
       deal, always.
    </h2>
    <div
      class="sc-dlVyqM fPlOTZ"
    >
      <form>
        <fieldset
          class="sc-dJjZJu cMwvGz"
        >
          <div
            class="sc-kfPtPH dYvmmi"
          >
            <i
              class="sc-fKVsgm pSvAj"
            >
              <svg>
                pin.svg
              </svg>
            </i>
            <input
              class="sc-iwjezw kwSriW"
              placeholder="Type city, place, or hotel name"
              type="text"
              value=""
            />
            <i
              class="sc-bBHwJV hEXRLh"
            >
              <svg>
                cursor.svg
              </svg>
            </i>
          </div>
        </fieldset>
        <fieldset
          class="sc-dJjZJu cMwvGz"
        >
          <div
            class="sc-cxpRKc bhQfma"
          >
            <svg>
              calendar.svg
            </svg>
            <strong>
              Check-in
            </strong>
            <span
              class="sc-llYToB fxYTXF"
            />
            <strong>
              Check-out
            </strong>
          </div>
          <div
            class="sc-hGPAah HFxPm"
          >
            <div
              class="sc-kfPtPH dYvmmi"
            >
              <i
                class="sc-fKVsgm pSvAj"
              >
                <svg>
                  guests.svg
                </svg>
              </i>
              <input
                class="sc-iwjezw jNduHP"
                max="9"
                min="1"
                type="number"
                value="1"
              />
            </div>
          </div>
        </fieldset>
        <button
          class="sc-bdvvaa tPxtg"
          data-testid="button"
        >
          Search
        </button>
      </form>
    </div>
    <svg
      class="sc-bkkfTU cCuNEv"
    >
      partners.svg
    </svg>
  </div>
</div>
`;
